 kinCLIP
 
 View(testing)
> dat.n <- (t(testing))
> dat.tn <- t(dat.n)
> d1 <- dist(dat.n,method = "euclidean", diag = FALSE, upper = FALSE)
> d2 <- dist(dat.tn,method = "euclidean", diag = FALSE, upper = TRUE)
> c1 <- hclust(d1, method = "ward.D2", members = NULL)
> c2 <- hclust(d2, method = "ward.D2", members = NULL)
> heatmap.2(dat.tn,                     # Tidy, normalised data
           Colv=as.dendrogram(c1),     # Experiments clusters in cols
           Rowv=as.dendrogram(c2),     # Protein clusters in rows
           density.info="histogram",   # Plot histogram of data and colour key
           trace="none",scale="row",               # Turn of trace lines from heat map
           col = my_palette,           # Use my colour scheme
           cexRow=0.5,cexCol=0.75)     # Amend row and column label fonts
my_palette <- colorRampPalette(c("green","red"))(n = 5)


















> TESTING <- read.delim("C:/Users/deebratforlife/Desktop/TESTING.txt", header=FALSE, na.strings="")
>   View(TESTING)
> dat.tdy <- TESTING
> dat.n <- scale(t(dat.tdy))
> dat.tn <- t(dat.n)
> d1 <- dist(dat.n,method = "euclidean", diag = FALSE, upper = FALSE)
> d2 <- dist(dat.tn,method = "euclidean", diag = FALSE, upper = TRUE)
> c1 <- hclust(d1, method = "ward.D2", members = NULL)
> c2 <- hclust(d2, method = "ward.D2", members = NULL)
> library(gplots)

Attaching package: ‘gplots’

The following object is masked from ‘package:stats’:

    lowess

Warning message:
package ‘gplots’ was built under R version 3.4.3 
> my_palette <- colorRampPalette(c("blue","white","red"))(n = 25)
> 
> heatmap.2(dat.tn,                     # Tidy, normalised data
+           Colv=as.dendrogram(c1),     # Experiments clusters in cols
+           Rowv=as.dendrogram(c2),     # Protein clusters in rows
+           density.info="histogram",   # Plot histogram of data and colour key
+           trace="none",               # Turn of trace lines from heat map
+           col = my_palette,           # Use my colour scheme
+           cexRow=0.5,cexCol=0.75)     # Amend row and column label fonts
> c1 <- hclust(d1, method = "average", members = NULL)
> c2 <- hclust(d2, method = "average", members = NULL)
> heatmap.2(dat.tn,                     # Tidy, normalised data
+           Colv=as.dendrogram(c1),     # Experiments clusters in cols
+           Rowv=as.dendrogram(c2),     # Protein clusters in rows
+           density.info="histogram",   # Plot histogram of data and colour key
+           trace="none",               # Turn of trace lines from heat map
+           col = my_palette,           # Use my colour scheme
+           cexRow=0.5,cexCol=0.75)     # Amend row and column label fonts
> TESTING <- read.delim("C:/Users/deebratforlife/Desktop/TESTING.txt", header=FALSE, na.strings="")
>   View(TESTING)
> dat.tdy <- TESTING
> dat.n <- scale(t(dat.tdy))
> dat.tn <- t(dat.n)
> d1 <- dist(dat.n,method = "euclidean", diag = FALSE, upper = FALSE)
> d2 <- dist(dat.tn,method = "euclidean", diag = FALSE, upper = TRUE)
> c1 <- hclust(d1, method = "average", members = NULL)
> c2 <- hclust(d2, method = "average", members = NULL)
> heatmap.2(dat.tn,                     # Tidy, normalised data
+           Colv=as.dendrogram(c1),     # Experiments clusters in cols
+           Rowv=as.dendrogram(c2),     # Protein clusters in rows
+           density.info="histogram",   # Plot histogram of data and colour key
+           trace="none",               # Turn of trace lines from heat map
+           col = my_palette,           # Use my colour scheme
+           cexRow=0.5,cexCol=0.75)     # Amend row and column label fonts
> TESTING <- read.delim("C:/Users/deebratforlife/Desktop/TESTING.txt", header=FALSE, na.strings="")
>   View(TESTING)
> dat.tdy <- TESTING
> dat.n <- scale(t(dat.tdy))
> dat.tn <- t(dat.n)
> d1 <- dist(dat.n,method = "euclidean", diag = FALSE, upper = FALSE)
> d2 <- dist(dat.tn,method = "euclidean", diag = FALSE, upper = TRUE)
> c1 <- hclust(d1, method = "average", members = NULL)
> c2 <- hclust(d2, method = "average", members = NULL)
> heatmap.2(dat.tn,                     # Tidy, normalised data
+           Colv=as.dendrogram(c1),     # Experiments clusters in cols
+           Rowv=as.dendrogram(c2),     # Protein clusters in rows
+           density.info="histogram",   # Plot histogram of data and colour key
+           trace="none",               # Turn of trace lines from heat map
+           col = my_palette,           # Use my colour scheme
+           cexRow=0.5,cexCol=0.75)     # Amend row and column label fonts
> TESTING <- read.delim("C:/Users/deebratforlife/Desktop/TESTING.txt", header=FALSE, na.strings="")
>   View(TESTING)
> dat.tdy <- TESTING
> dat.n <- scale(t(dat.tdy))
> dat.tn <- t(dat.n)
> d1 <- dist(dat.n,method = "euclidean", diag = FALSE, upper = FALSE)
> d2 <- dist(dat.tn,method = "euclidean", diag = FALSE, upper = TRUE)
> c1 <- hclust(d1, method = "average", members = NULL)
> c2 <- hclust(d2, method = "average", members = NULL)
> heatmap.2(dat.tn,                     # Tidy, normalised data
+           Colv=as.dendrogram(c1),     # Experiments clusters in cols
+           Rowv=as.dendrogram(c2),     # Protein clusters in rows
+           density.info="histogram",   # Plot histogram of data and colour key
+           trace="none",               # Turn of trace lines from heat map
+           col = my_palette,           # Use my colour scheme
+           cexRow=0.5,cexCol=0.75)     # Amend row and column label fonts
> TESTING <- read.delim("C:/Users/deebratforlife/Desktop/TESTING.txt", header=FALSE, na.strings="")
>   View(TESTING)
> dat.tdy <- TESTING
> dat.n <- scale(t(dat.tdy))
> dat.tn <- t(dat.n)
> d1 <- dist(dat.n,method = "euclidean", diag = FALSE, upper = FALSE)
> d2 <- dist(dat.tn,method = "euclidean", diag = FALSE, upper = TRUE)
> c1 <- hclust(d1, method = "average", members = NULL)
> c2 <- hclust(d2, method = "average", members = NULL)
> heatmap.2(dat.tn,                     # Tidy, normalised data
+           Colv=as.dendrogram(c1),     # Experiments clusters in cols
+           Rowv=as.dendrogram(c2),     # Protein clusters in rows
+           density.info="histogram",   # Plot histogram of data and colour key
+           trace="none",               # Turn of trace lines from heat map
+           col = my_palette,           # Use my colour scheme
+           cexRow=0.5,cexCol=0.75)     # Amend row and column label fonts
> TESTING <- read.delim("C:/Users/deebratforlife/Desktop/TESTING.txt", header=FALSE, na.strings="")
>   View(TESTING)
> dat.tdy <- TESTING
> dat.n <- scale(t(dat.tdy))
> dat.tn <- t(dat.n)
> d1 <- dist(dat.n,method = "euclidean", diag = FALSE, upper = FALSE)
> d2 <- dist(dat.tn,method = "euclidean", diag = FALSE, upper = TRUE)
> c1 <- hclust(d1, method = "average", members = NULL)
> c2 <- hclust(d2, method = "average", members = NULL)
> heatmap.2(dat.tn,                     # Tidy, normalised data
+           Colv=as.dendrogram(c1),     # Experiments clusters in cols
+           Rowv=as.dendrogram(c2),     # Protein clusters in rows
+           density.info="histogram",   # Plot histogram of data and colour key
+           trace="none",               # Turn of trace lines from heat map
+           col = my_palette,           # Use my colour scheme
+           cexRow=0.5,cexCol=0.75)     # Amend row and column label fonts
> TESTING <- read.delim("C:/Users/deebratforlife/Desktop/TESTING.txt", header=FALSE, na.strings="")
>   View(TESTING)
> dat.tdy <- TESTING
> dat.n <- scale(t(dat.tdy))
> dat.tn <- t(dat.n)
> d1 <- dist(dat.n,method = "euclidean", diag = FALSE, upper = FALSE)
> d2 <- dist(dat.tn,method = "euclidean", diag = FALSE, upper = TRUE)
> c1 <- hclust(d1, method = "average", members = NULL)
> c2 <- hclust(d2, method = "average", members = NULL)
> plot(c1)
> plot(c2)
> heatmap.2(dat.tn,                     # Tidy, normalised data
+           Colv=as.dendrogram(c1),     # Experiments clusters in cols
+           Rowv=as.dendrogram(c2),     # Protein clusters in rows
+           density.info="histogram",   # Plot histogram of data and colour key
+           trace="none",               # Turn of trace lines from heat map
+           col = my_palette,           # Use my colour scheme
+           cexRow=0.5,cexCol=0.75)     # Amend row and column label fonts
> TESTING <- read.delim("C:/Users/deebratforlife/Desktop/TESTING.txt", header=FALSE, na.strings="")
>   View(TESTING)
> dat.tdy <- TESTING
> dat.n <- scale(t(dat.tdy))
> dat.tn <- t(dat.n)
> d1 <- dist(dat.n,method = "euclidean", diag = FALSE, upper = FALSE)
> d2 <- dist(dat.tn,method = "euclidean", diag = FALSE, upper = TRUE)
> c1 <- hclust(d1, method = "average", members = NULL)
> c2 <- hclust(d2, method = "average", members = NULL)
> heatmap.2(dat.tn,                     # Tidy, normalised data
+           Colv=as.dendrogram(c1),     # Experiments clusters in cols
+           Rowv=as.dendrogram(c2),     # Protein clusters in rows
+           density.info="histogram",   # Plot histogram of data and colour key
+           trace="none",               # Turn of trace lines from heat map
+           col = my_palette,           # Use my colour scheme
+           cexRow=0.5,cexCol=0.75)     # Amend row and column label fonts
> my_palette <- colorRampPalette(c("purple","purple","green","white","blue","red","red"))(n = 25)
> 
> heatmap.2(dat.tn,                     # Tidy, normalised data
+           Colv=as.dendrogram(c1),     # Experiments clusters in cols
+           Rowv=as.dendrogram(c2),     # Protein clusters in rows
+           density.info="histogram",   # Plot histogram of data and colour key
+           trace="none",               # Turn of trace lines from heat map
+           col = my_palette,           # Use my colour scheme
+           cexRow=0.5,cexCol=0.75)     # Amend row and column label fonts
> my_palette <- colorRampPalette(c("orange","orange","orange","darkyellow","purple","white","blue","darkyellow","red","red","red"))(n = 25)
Error in col2rgb(colors, alpha = alpha) : invalid color name 'darkyellow'
> 
> my_palette <- colorRampPalette(c("orange","orange","orange","yellow","purple","white","blue","yellow","red","red","red"))(n = 25)
> 
> heatmap.2(dat.tn,                     # Tidy, normalised data
+           Colv=as.dendrogram(c1),     # Experiments clusters in cols
+           Rowv=as.dendrogram(c2),     # Protein clusters in rows
+           density.info="histogram",   # Plot histogram of data and colour key
+           trace="none",               # Turn of trace lines from heat map
+           col = my_palette,           # Use my colour scheme
+           cexRow=0.5,cexCol=0.75)     # Amend row and column label fonts
> my_palette <- colorRampPalette(c("orange","orange","orange","black","purple","lightyellow","blue","black","red","red","red"))(n = 25)
> 
> heatmap.2(dat.tn,                     # Tidy, normalised data
+           Colv=as.dendrogram(c1),     # Experiments clusters in cols
+           Rowv=as.dendrogram(c2),     # Protein clusters in rows
+           density.info="histogram",   # Plot histogram of data and colour key
+           trace="none",               # Turn of trace lines from heat map
+           col = my_palette,           # Use my colour scheme
+           cexRow=0.5,cexCol=0.75)     # Amend row and column label fonts
> my_palette <- colorRampPalette(c("orange","orange","orange","orange","orange","black","purple","lightyellow","blue","black","red","red","red","red","red"))(n = 25)
> 
> heatmap.2(dat.tn,                     # Tidy, normalised data
+           Colv=as.dendrogram(c1),     # Experiments clusters in cols
+           Rowv=as.dendrogram(c2),     # Protein clusters in rows
+           density.info="histogram",   # Plot histogram of data and colour key
+           trace="none",               # Turn of trace lines from heat map
+           col = my_palette,           # Use my colour scheme
+           cexRow=0.5,cexCol=0.75)     # Amend row and column label fonts

> TESTING <- read.delim("C:/Users/deebratforlife/Desktop/TESTING.txt", header=FALSE, na.strings="")
>   View(TESTING)
> dat.tdy <- TESTING
> dat.n <- scale(t(dat.tdy))
> dat.tn <- t(dat.n)
> d1 <- dist(dat.n,method = "euclidean", diag = FALSE, upper = FALSE)
> d2 <- dist(dat.tn,method = "euclidean", diag = FALSE, upper = TRUE)
> c1 <- hclust(d1, method = "average", members = NULL)
> c2 <- hclust(d2, method = "ward.D2", members = NULL)
> library(gplots)

Attaching package: ‘gplots’

The following object is masked from ‘package:stats’:

    lowess

Warning message:
package ‘gplots’ was built under R version 3.4.3 
> my_palette <- colorRampPalette(c("orange","orange","orange","green","black","blue","red","red","red"))(n = 9)
> heatmap.2(dat.tn,                     # Tidy, normalised data
+           Colv=as.dendrogram(c1),     # Experiments clusters in cols
+           Rowv=as.dendrogram(c2),     # Protein clusters in rows
+           density.info="histogram",   # Plot histogram of data and colour key
+           trace="none",               # Turn of trace lines from heat map
+           col = my_palette,           # Use my colour scheme
+           cexRow=0.5,cexCol=0.75)     # Amend row and column label fonts
> my_palette <- colorRampPalette(c("orange","orange","orange","green","black","blue","green","red","red"))(n = 9)
> heatmap.2(dat.tn,                     # Tidy, normalised data
+           Colv=as.dendrogram(c1),     # Experiments clusters in cols
+           Rowv=as.dendrogram(c2),     # Protein clusters in rows
+           density.info="histogram",   # Plot histogram of data and colour key
+           trace="none",               # Turn of trace lines from heat map
+           col = my_palette,           # Use my colour scheme
+           cexRow=0.5,cexCol=0.75)     # Amend row and column label fonts
> TESTING <- read.delim("C:/Users/deebratforlife/Desktop/TESTING.txt", header=FALSE, na.strings="")
>   View(TESTING)
> dat.tdy <- TESTING
> dat.n <- scale(t(dat.tdy))
> dat.tn <- t(dat.n)
> d1 <- dist(dat.n,method = "euclidean", diag = FALSE, upper = FALSE)
> d2 <- dist(dat.tn,method = "euclidean", diag = FALSE, upper = TRUE)
> c1 <- hclust(d1, method = "average", members = NULL)
> c2 <- hclust(d2, method = "complete", members = NULL)
> my_palette <- colorRampPalette(c("orange","orange","orange","green","black","blue","green","red","red"))(n = 9)
> heatmap.2(dat.tn,                     # Tidy, normalised data
+           Colv=as.dendrogram(c1),     # Experiments clusters in cols
+           Rowv=as.dendrogram(c2),     # Protein clusters in rows
+           density.info="histogram",   # Plot histogram of data and colour key
+           trace="none",               # Turn of trace lines from heat map
+           col = my_palette,           # Use my colour scheme
+           cexRow=0.5,cexCol=0.75)     # Amend row and column label fonts
> range(dat.tn)
[1] -25.74882  25.74882
> my_palette <- colorRampPalette(c("white","white","blue","blue","green","green","darkgreen","yellow","orange","darkorange","darkorange","red"))(n = 20)
> heatmap.2(dat.tn,                     # Tidy, normalised data
+           Colv=as.dendrogram(c1),     # Experiments clusters in cols
+           Rowv=as.dendrogram(c2),     # Protein clusters in rows
+           density.info="histogram",   # Plot histogram of data and colour key
+           trace="none",               # Turn of trace lines from heat map
+           col = my_palette,           # Use my colour scheme
+           cexRow=0.5,cexCol=0.75)     # Amend row and column label fonts
> my_palette <- colorRampPalette(c("white","white","blue","blue","green","green","black","darkgreen","yellow","orange","darkorange","darkorange","red"))(n = 20)
> heatmap.2(dat.tn,                     # Tidy, normalised data
+           Colv=as.dendrogram(c1),     # Experiments clusters in cols
+           Rowv=as.dendrogram(c2),     # Protein clusters in rows
+           density.info="histogram",   # Plot histogram of data and colour key
+           trace="none",               # Turn of trace lines from heat map
+           col = my_palette,           # Use my colour scheme
+           cexRow=0.5,cexCol=0.75)     # Amend row and column label fonts
> my_palette <- colorRampPalette(c("white","white","blue","blue","green","green","black","black","black","darkgreen","yellow","orange","darkorange","darkorange","red"))(n = 20)
> heatmap.2(dat.tn,                     # Tidy, normalised data
+           Colv=as.dendrogram(c1),     # Experiments clusters in cols
+           Rowv=as.dendrogram(c2),     # Protein clusters in rows
+           density.info="histogram",   # Plot histogram of data and colour key
+           trace="none",               # Turn of trace lines from heat map
+           col = my_palette,           # Use my colour scheme
+           cexRow=0.5,cexCol=0.75)     # Amend row and column label fonts
> my_palette <- colorRampPalette(c("white","white","blue","blue","pink","pink","darkgreen","black","black","darkgreen","yellow","blue","darkorange","darkorange","darkorange","red"))(n = 20)
> my_palette <- colorRampPalette(c("white","white","blue","blue","pink","pink","darkgreen","black","black","darkgreen","yellow","blue","darkorange","darkorange","darkorange","red"))(n = 50)
> heatmap.2(dat.tn,                     # Tidy, normalised data
+           Colv=as.dendrogram(c1),     # Experiments clusters in cols
+           Rowv=as.dendrogram(c2),     # Protein clusters in rows
+           density.info="histogram",   # Plot histogram of data and colour key
+           trace="none",               # Turn of trace lines from heat map
+           col = my_palette,           # Use my colour scheme
+           cexRow=0.5,cexCol=0.75)     # Amend row and column label fonts
> my_palette <- colorRampPalette(c("white","white","blue","blue","pink","pink","darkgreen","black","black","darkgreen","yellow","blue","darkorange","darkorange","darkorange","red","red"))(n = 17)
> heatmap.2(dat.tn,                     # Tidy, normalised data
+           Colv=as.dendrogram(c1),     # Experiments clusters in cols
+           Rowv=as.dendrogram(c2),     # Protein clusters in rows
+           density.info="histogram",   # Plot histogram of data and colour key
+           trace="none",               # Turn of trace lines from heat map
+           col = my_palette,           # Use my colour scheme
+           cexRow=0.5,cexCol=0.75)     # Amend row and column label fonts
> my_palette <- colorRampPalette(c("blue","black","red"))(n = 3)
> heatmap.2(dat.tn,                     # Tidy, normalised data
+           Colv=as.dendrogram(c1),     # Experiments clusters in cols
+           Rowv=as.dendrogram(c2),     # Protein clusters in rows
+           density.info="histogram",   # Plot histogram of data and colour key
+           trace="none",               # Turn of trace lines from heat map
+           col = my_palette,           # Use my colour scheme
+           cexRow=0.5,cexCol=0.75)     # Amend row and column label fonts
> my_palette <- colorRampPalette(c("yellow","blue","black","green","red"))(n = 5)
> heatmap.2(dat.tn,                     # Tidy, normalised data
+           Colv=as.dendrogram(c1),     # Experiments clusters in cols
+           Rowv=as.dendrogram(c2),     # Protein clusters in rows
+           density.info="histogram",   # Plot histogram of data and colour key
+           trace="none",               # Turn of trace lines from heat map
+           col = my_palette,           # Use my colour scheme
+           cexRow=0.5,cexCol=0.75)     # Amend row and column label fonts
> my_palette <- colorRampPalette(c("yellow","yellow","blue","black","green","red","red"))(n = 7)
> heatmap.2(dat.tn,                     # Tidy, normalised data
+           Colv=as.dendrogram(c1),     # Experiments clusters in cols
+           Rowv=as.dendrogram(c2),     # Protein clusters in rows
+           density.info="histogram",   # Plot histogram of data and colour key
+           trace="none",               # Turn of trace lines from heat map
+           col = my_palette,           # Use my colour scheme
+           cexRow=0.5,cexCol=0.75)     # Amend row and column label fonts
> my_palette <- colorRampPalette(c("yellow","yellow","yellow","blue","black","green","red","red","red"))(n = 9)
> heatmap.2(dat.tn,                     # Tidy, normalised data
+           Colv=as.dendrogram(c1),     # Experiments clusters in cols
+           Rowv=as.dendrogram(c2),     # Protein clusters in rows
+           density.info="histogram",   # Plot histogram of data and colour key
+           trace="none",               # Turn of trace lines from heat map
+           col = my_palette,           # Use my colour scheme
+           cexRow=0.5,cexCol=0.75)     # Amend row and column label fonts
> my_palette <- colorRampPalette(c("yellow","yellow","yellow","yellow","blue","black","green","red","red","red","red"))(n = 11)
> heatmap.2(dat.tn,                     # Tidy, normalised data
+           Colv=as.dendrogram(c1),     # Experiments clusters in cols
+           Rowv=as.dendrogram(c2),     # Protein clusters in rows
+           density.info="histogram",   # Plot histogram of data and colour key
+           trace="none",               # Turn of trace lines from heat map
+           col = my_palette,           # Use my colour scheme
+           cexRow=0.5,cexCol=0.75)     # Amend row and column label fonts
> my_palette <- colorRampPalette(c("yellow","yellow","yellow","yellow","blue","black","green","orange","orange","red","red"))(n = 11)
> heatmap.2(dat.tn,                     # Tidy, normalised data
+           Colv=as.dendrogram(c1),     # Experiments clusters in cols
+           Rowv=as.dendrogram(c2),     # Protein clusters in rows
+           density.info="histogram",   # Plot histogram of data and colour key
+           trace="none",               # Turn of trace lines from heat map
+           col = my_palette,           # Use my colour scheme
+           cexRow=0.5,cexCol=0.75)     # Amend row and column label fonts
> my_palette <- colorRampPalette(c("yellow","yellow","yellow","yellow","blue","black","green","orange","red","red","red"))(n = 11)
> heatmap.2(dat.tn,                     # Tidy, normalised data
+           Colv=as.dendrogram(c1),     # Experiments clusters in cols
+           Rowv=as.dendrogram(c2),     # Protein clusters in rows
+           density.info="histogram",   # Plot histogram of data and colour key
+           trace="none",               # Turn of trace lines from heat map
+           col = my_palette,           # Use my colour scheme
+           cexRow=0.5,cexCol=0.75)     # Amend row and column label fonts
> my_palette <- colorRampPalette(c("yellow","yellow","yellow","yellow","yellow","blue","black","green","orange","red","red","red","red"))(n = 11)
> my_palette <- colorRampPalette(c("yellow","yellow","yellow","yellow","yellow","blue","black","green","orange","red","red","red","red"))(n = 13)
> heatmap.2(dat.tn,                     # Tidy, normalised data
+           Colv=as.dendrogram(c1),     # Experiments clusters in cols
+           Rowv=as.dendrogram(c2),     # Protein clusters in rows
+           density.info="histogram",   # Plot histogram of data and colour key
+           trace="none",               # Turn of trace lines from heat map
+           col = my_palette,           # Use my colour scheme
+           cexRow=0.5,cexCol=0.75)     # Amend row and column label fonts
> my_palette <- colorRampPalette(c("yellow","yellow","yellow","yellow","yellow","blue","black","green","darkorange","red","red","red","red"))(n = 13)
> heatmap.2(dat.tn,                     # Tidy, normalised data
+           Colv=as.dendrogram(c1),     # Experiments clusters in cols
+           Rowv=as.dendrogram(c2),     # Protein clusters in rows
+           density.info="histogram",   # Plot histogram of data and colour key
+           trace="none",               # Turn of trace lines from heat map
+           col = my_palette,           # Use my colour scheme
+           cexRow=0.5,cexCol=0.75)     # Amend row and column label fonts
> my_palette <- colorRampPalette(c("white","lightblue","lightblue","blue","blue","green","black","green","darkorange","red","red","red","red"))(n = 13)
> heatmap.2(dat.tn,                     # Tidy, normalised data
+           Colv=as.dendrogram(c1),     # Experiments clusters in cols
+           Rowv=as.dendrogram(c2),     # Protein clusters in rows
+           density.info="histogram",   # Plot histogram of data and colour key
+           trace="none",               # Turn of trace lines from heat map
+           col = my_palette,           # Use my colour scheme
+           cexRow=0.5,cexCol=0.75)     # Amend row and column label fonts
> my_palette <- colorRampPalette(c("white","lightblue","lightblue","blue","blue","green","black","green","darkorange","red","red","red","red"))(n = 50)
> heatmap.2(dat.tn,                     # Tidy, normalised data
+           Colv=as.dendrogram(c1),     # Experiments clusters in cols
+           Rowv=as.dendrogram(c2),     # Protein clusters in rows
+           density.info="histogram",   # Plot histogram of data and colour key
+           trace="none",               # Turn of trace lines from heat map
+           col = my_palette,           # Use my colour scheme
+           cexRow=0.5,cexCol=0.75)     # Amend row and column label fonts
> my_palette <- colorRampPalette(c("white","lightblue","lightblue","blue","blue","green","black","green","darkorange","red","red","red","red"))(n = 26)
> heatmap.2(dat.tn,                     # Tidy, normalised data
+           Colv=as.dendrogram(c1),     # Experiments clusters in cols
+           Rowv=as.dendrogram(c2),     # Protein clusters in rows
+           density.info="histogram",   # Plot histogram of data and colour key
+           trace="none",               # Turn of trace lines from heat map
+           col = my_palette,           # Use my colour scheme
+           cexRow=0.5,cexCol=0.75)     # Amend row and column label fonts
> my_palette <- colorRampPalette(c("white","lightblue","lightblue","blue","blue","green","black","green","darkorange","red","red","red","red"))(n = 16)
> heatmap.2(dat.tn,                     # Tidy, normalised data
+           Colv=as.dendrogram(c1),     # Experiments clusters in cols
+           Rowv=as.dendrogram(c2),     # Protein clusters in rows
+           density.info="histogram",   # Plot histogram of data and colour key
+           trace="none",               # Turn of trace lines from heat map
+           col = my_palette,           # Use my colour scheme
+           cexRow=0.5,cexCol=0.75)     # Amend row and column label fonts
> my_palette <- colorRampPalette(c("white","lightblue","lightblue","blue","blue","green","black","green","darkorange","red","red","red","red"))(n = 13)
> heatmap.2(dat.tn,                     # Tidy, normalised data
+           Colv=as.dendrogram(c1),     # Experiments clusters in cols
+           Rowv=as.dendrogram(c2),     # Protein clusters in rows
+           density.info="histogram",   # Plot histogram of data and colour key
+           trace="none",               # Turn of trace lines from heat map
+           col = my_palette,           # Use my colour scheme
+           cexRow=0.5,cexCol=0.75)     # Amend row and column label fonts
> my_palette <- colorRampPalette(c("white","white","lightblue","lightblue","blue","green","black","darkgreen","darkorange","red","red","darkred","darkred"))(n = 13)
> heatmap.2(dat.tn,                     # Tidy, normalised data
+           Colv=as.dendrogram(c1),     # Experiments clusters in cols
+           Rowv=as.dendrogram(c2),     # Protein clusters in rows
+           density.info="histogram",   # Plot histogram of data and colour key
+           trace="none",               # Turn of trace lines from heat map
+           col = my_palette,           # Use my colour scheme
+           cexRow=0.5,cexCol=0.75)     # Amend row and column label fonts
> my_palette <- colorRampPalette(c("white","white","cyan","cyan","blue","green","black","darkgreen","darkorange","red","red","darkred","darkred"))(n = 13)
> heatmap.2(dat.tn,                     # Tidy, normalised data
+           Colv=as.dendrogram(c1),     # Experiments clusters in cols
+           Rowv=as.dendrogram(c2),     # Protein clusters in rows
+           density.info="histogram",   # Plot histogram of data and colour key
+           trace="none",               # Turn of trace lines from heat map
+           col = my_palette,           # Use my colour scheme
+           cexRow=0.5,cexCol=0.75)     # Amend row and column label fonts
> my_palette <- colorRampPalette(c("white","white","cyan","cyan","blue","lightgreen","black","darkgreen","darkorange","red","red","darkred","darkred"))(n = 13)
> heatmap.2(dat.tn,                     # Tidy, normalised data
+           Colv=as.dendrogram(c1),     # Experiments clusters in cols
+           Rowv=as.dendrogram(c2),     # Protein clusters in rows
+           density.info="histogram",   # Plot histogram of data and colour key
+           trace="none",               # Turn of trace lines from heat map
+           col = my_palette,           # Use my colour scheme
+           cexRow=0.5,cexCol=0.75)     # Amend row and column label fonts
> my_palette <- colorRampPalette(c("white","white","white","cyan","cyan","blue","lightgreen","black","darkgreen","darkorange","red","red","red","darkred","darkred"))(n = 15)
> heatmap.2(dat.tn,                     # Tidy, normalised data
+           Colv=as.dendrogram(c1),     # Experiments clusters in cols
+           Rowv=as.dendrogram(c2),     # Protein clusters in rows
+           density.info="histogram",   # Plot histogram of data and colour key
+           trace="none",               # Turn of trace lines from heat map
+           col = my_palette,           # Use my colour scheme
+           cexRow=0.5,cexCol=0.75)     # Amend row and column label fonts
> my_palette <- colorRampPalette(c("white","white","white","cyan","cyan","blue","lightgreen","black","darkgreen","darkorange","red","red","lightred","darkred","darkred"))(n = 15)
Error in col2rgb(colors, alpha = alpha) : invalid color name 'lightred'
> my_palette <- colorRampPalette(c("white","white","white","cyan","cyan","blue","lightgreen","black","darkgreen","maroon","red","red","red","darkred","darkred"))(n = 15)
> heatmap.2(dat.tn,                     # Tidy, normalised data
+           Colv=as.dendrogram(c1),     # Experiments clusters in cols
+           Rowv=as.dendrogram(c2),     # Protein clusters in rows
+           density.info="histogram",   # Plot histogram of data and colour key
+           trace="none",               # Turn of trace lines from heat map
+           col = my_palette,           # Use my colour scheme
+           cexRow=0.5,cexCol=0.75)     # Amend row and column label fonts

dat.tn[rev(c1$labels[c1$order]), c2$labels[c2$order]]


> TESTING <- read.delim("C:/Users/deebratforlife/Desktop/TESTING.txt", header=FALSE, na.strings="")
>   View(TESTING)
> dat.tdy <- TESTING
> dat.n <- scale(t(dat.tdy))
> dat.tn <- t(dat.n)
> d1 <- dist(dat.n,method = "euclidean", diag = FALSE, upper = FALSE)d1 <- dist(dat.n,method = "euclidean", diag = FALSE, upper = FALSE)
Error: unexpected symbol in "d1 <- dist(dat.n,method = "euclidean", diag = FALSE, upper = FALSE)d1"
> d1 <- dist(dat.n,method = "euclidean", diag = FALSE, upper = FALSE)d1 <- dist(dat.n,method = "euclidean", diag = FALSE, upper = FALSE)
Error: unexpected symbol in "d1 <- dist(dat.n,method = "euclidean", diag = FALSE, upper = FALSE)d1"
> d1 <- dist(dat.n,method = "euclidean", diag = FALSE, upper = FALSE)
> d2 <- dist(dat.tn,method = "euclidean", diag = FALSE, upper = TRUE)
> c1 <- hclust(d1, method = "ward.D2", members = NULL)
> c2 <- hclust(d2, method = "complete", members = NULL)
Error in hclust(d2, method = "complete", members = NULL) : 
  NA/NaN/Inf in foreign function call (arg 11)
> TESTING <- read.delim("C:/Users/deebratforlife/Desktop/TESTING.txt", header=FALSE, na.strings="")
>   View(TESTING)
> dat.tdy <- TESTING
> dat.n <- scale(t(dat.tdy))
> dat.tn <- t(dat.n)
> d1 <- dist(dat.n,method = "euclidean", diag = FALSE, upper = FALSE)
> d2 <- dist(dat.tn,method = "euclidean", diag = FALSE, upper = TRUE)
> c1 <- hclust(d1, method = "average", members = NULL)
> c2 <- hclust(d2, method = "complete", members = NULL)
> library(gplots)

Attaching package: ‘gplots’

The following object is masked from ‘package:stats’:

    lowess

Warning message:
package ‘gplots’ was built under R version 3.4.3 
> my_palette <- colorRampPalette(c("blue","white","red"))(n = 25)
> 
> # Plot heatmap with heatmap.2
> par(cex.main=0.75) # Shrink title fonts on plot
> heatmap.2(dat.tn,                     # Tidy, normalised data
+           Colv=as.dendrogram(c1),     # Experiments clusters in cols
+           Rowv=as.dendrogram(c2),     # Protein clusters in rows
+           density.info="histogram",   # Plot histogram of data and colour key
+           trace="none",               # Turn of trace lines from heat map
+           col = my_palette,           # Use my colour scheme
+           cexRow=0.5,cexCol=0.75)     # Amend row and column label fonts
> my_palette <- colorRampPalette(c("black,"blue"))(n = 25)
Error: unexpected symbol in "my_palette <- colorRampPalette(c("black,"blue"
> my_palette <- colorRampPalette(c("black","blue"))(n = 25)
> heatmap.2(dat.tn,                     # Tidy, normalised data
+           Colv=as.dendrogram(c1),     # Experiments clusters in cols
+           Rowv=as.dendrogram(c2),     # Protein clusters in rows
+           density.info="histogram",   # Plot histogram of data and colour key
+           trace="none",               # Turn of trace lines from heat map
+           col = my_palette,           # Use my colour scheme
+           cexRow=0.5,cexCol=0.75)     # Amend row and column label fonts
> my_palette <- colorRampPalette(c("green","black","blue"))(n = 25)
> heatmap.2(dat.tn,                     # Tidy, normalised data
+           Colv=as.dendrogram(c1),     # Experiments clusters in cols
+           Rowv=as.dendrogram(c2),     # Protein clusters in rows
+           density.info="histogram",   # Plot histogram of data and colour key
+           trace="none",               # Turn of trace lines from heat map
+           col = my_palette,           # Use my colour scheme
+           cexRow=0.5,cexCol=0.75)     # Amend row and column label fonts
> my_palette <- colorRampPalette(c("darkorange","black","red"))(n = 25)
> heatmap.2(dat.tn,                     # Tidy, normalised data
+           Colv=as.dendrogram(c1),     # Experiments clusters in cols
+           Rowv=as.dendrogram(c2),     # Protein clusters in rows
+           density.info="histogram",   # Plot histogram of data and colour key
+           trace="none",               # Turn of trace lines from heat map
+           col = my_palette,           # Use my colour scheme
+           cexRow=0.5,cexCol=0.75)     # Amend row and column label fonts
> TESTING <- read.delim("C:/Users/deebratforlife/Desktop/TESTING.txt", header=FALSE, na.strings="")
>   View(TESTING)
> dat.tdy <- TESTING
> dat.n <- scale(t(dat.tdy))
> dat.tn <- t(dat.n)
> d1 <- dist(dat.n,method = "euclidean", diag = FALSE, upper = FALSE)
> d2 <- dist(dat.tn,method = "euclidean", diag = FALSE, upper = TRUE)
> c1 <- hclust(d1, method = "average", members = NULL)
> c2 <- hclust(d2, method = "complete", members = NULL)
> my_palette <- colorRampPalette(c("darkorange","black","red"))(n = 25)
> heatmap.2(dat.tn,                     # Tidy, normalised data
+           Colv=as.dendrogram(c1),     # Experiments clusters in cols
+           Rowv=as.dendrogram(c2),     # Protein clusters in rows
+           density.info="histogram",   # Plot histogram of data and colour key
+           trace="none",               # Turn of trace lines from heat map
+           col = my_palette,           # Use my colour scheme
+           cexRow=0.5,cexCol=0.75)     # Amend row and column label fonts
> my_palette <- colorRampPalette(c("lightgreen","black","darkgreen"))(n = 25)
> heatmap.2(dat.tn,                     # Tidy, normalised data
+           Colv=as.dendrogram(c1),     # Experiments clusters in cols
+           Rowv=as.dendrogram(c2),     # Protein clusters in rows
+           density.info="histogram",   # Plot histogram of data and colour key
+           trace="none",               # Turn of trace lines from heat map
+           col = my_palette,           # Use my colour scheme
+           cexRow=0.5,cexCol=0.75)     # Amend row and column label fonts
> my_palette <- colorRampPalette(c("lightgreen","black","darkgreen"))(n = 9)
> my_palette <- colorRampPalette(c("yellow","black","darkorange"))(n = 9)
> heatmap.2(dat.tn,                     # Tidy, normalised data
+           Colv=as.dendrogram(c1),     # Experiments clusters in cols
+           Rowv=as.dendrogram(c2),     # Protein clusters in rows
+           density.info="histogram",   # Plot histogram of data and colour key
+           trace="none",               # Turn of trace lines from heat map
+           col = my_palette,           # Use my colour scheme
+           cexRow=0.5,cexCol=0.75)     # Amend row and column label fonts
> my_palette <- colorRampPalette(c("darkred","red","darkorange","darkorange","black""darkorange","darkorange","red","darkred"))(n = 9)
Error: unexpected string constant in "my_palette <- colorRampPalette(c("darkred","red","darkorange","darkorange","black""darkorange""
> my_palette <- colorRampPalette(c("darkred","red","darkorange","darkorange","black","darkorange","darkorange","red","darkred"))(n = 9)
> heatmap.2(dat.tn,                     # Tidy, normalised data
+           Colv=as.dendrogram(c1),     # Experiments clusters in cols
+           Rowv=as.dendrogram(c2),     # Protein clusters in rows
+           density.info="histogram",   # Plot histogram of data and colour key
+           trace="none",               # Turn of trace lines from heat map
+           col = my_palette,           # Use my colour scheme
+           cexRow=0.5,cexCol=0.75)     # Amend row and column label fonts
> dat.tn[rev(c1$labels[c1$order]), c2$labels[c2$order]]
Error in dat.tn[rev(c1$labels[c1$order]), c2$labels[c2$order]] : 
  subscript out of bounds
> dat.tn[rev(c2$labels[c2$order]), c1$labels[c1$order]]
     V2 V1 V3 V5 V6 V8 V9 V27 V4 V10 V15 V7 V12 V13 V14 V28 V19 V17 V18 V11
     V29 V26 V20 V21 V22 V24 V25 V16 V23
> TESTING <- read.delim("C:/Users/deebratforlife/Desktop/TESTING.txt", header=FALSE, na.strings="")
>   View(TESTING)
> dat.tdy <- TESTING
> dat.n <- scale(t(dat.tdy))
> dat.tn <- t(dat.n)
> d1 <- dist(dat.n,method = "euclidean", diag = FALSE, upper = FALSE)
> d2 <- dist(dat.tn,method = "euclidean", diag = FALSE, upper = TRUE)
> c1 <- hclust(d1, method = "average", members = NULL)
> c2 <- hclust(d2, method = "complete", members = NULL)
> my_palette <- colorRampPalette(c("darkblue","blue","cyan","cyan","black","cyan","cyan","blue","darkblue"))(n = 9)
> heatmap.2(dat.tn,                     # Tidy, normalised data
+           Colv=as.dendrogram(c1),     # Experiments clusters in cols
+           Rowv=as.dendrogram(c2),     # Protein clusters in rows
+           density.info="histogram",   # Plot histogram of data and colour key
+           trace="none",               # Turn of trace lines from heat map
+           col = my_palette,           # Use my colour scheme
+           cexRow=0.5,cexCol=0.75)     # Amend row and column label fonts
> dat.tn[rev(c2$labels[c2$order]), c1$labels[c1$order]]
     V1 V3 V6 V2 V14 V7 V13 V4 V16 V17 V10 V28 V8 V9 V20 V33 V39 V22 V26 V23
     V24 V25 V36 V5 V15 V18 V19 V40 V27 V35 V21 V30 V32 V37 V31 V12 V34 V38
     V43 V11 V29 V46 V41 V42 V44 V45
> TESTING <- read.delim("C:/Users/deebratforlife/Desktop/TESTING.txt", header=FALSE, na.strings="")
>   View(TESTING)
> dat.tdy <- TESTING
> dat.n <- scale(t(dat.tdy))
> dat.tn <- t(dat.n)
> d1 <- dist(dat.n,method = "euclidean", diag = FALSE, upper = FALSE)
> d2 <- dist(dat.tn,method = "euclidean", diag = FALSE, upper = TRUE)
> c1 <- hclust(d1, method = "average", members = NULL)
> c2 <- hclust(d2, method = "complete", members = NULL)
> my_palette <- colorRampPalette(c("darkblue","blue","cyan","cyan","black","cyan","cyan","blue","darkblue"))(n = 9)
> heatmap.2(dat.tn,                     # Tidy, normalised data
+           Colv=as.dendrogram(c1),     # Experiments clusters in cols
+           Rowv=as.dendrogram(c2),     # Protein clusters in rows
+           density.info="histogram",   # Plot histogram of data and colour key
+           trace="none",               # Turn of trace lines from heat map
+           col = my_palette,           # Use my colour scheme
+           cexRow=0.5,cexCol=0.75)     # Amend row and column label fonts
> my_palette <- colorRampPalette(c("darkblue","blue","cyan","cyan","black","cyan","cyan","blue","darkblue"))(n = 7)
> heatmap.2(dat.tn,                     # Tidy, normalised data
+           Colv=as.dendrogram(c1),     # Experiments clusters in cols
+           Rowv=as.dendrogram(c2),     # Protein clusters in rows
+           density.info="histogram",   # Plot histogram of data and colour key
+           trace="none",               # Turn of trace lines from heat map
+           col = my_palette,           # Use my colour scheme
+           cexRow=0.5,cexCol=0.75)     # Amend row and column label fonts
> my_palette <- colorRampPalette(c("darkblue","blue","cyan","cyan","black","black","black","cyan","cyan","blue","darkblue"))(n = 9)
> heatmap.2(dat.tn,                     # Tidy, normalised data
+           Colv=as.dendrogram(c1),     # Experiments clusters in cols
+           Rowv=as.dendrogram(c2),     # Protein clusters in rows
+           density.info="histogram",   # Plot histogram of data and colour key
+           trace="none",               # Turn of trace lines from heat map
+           col = my_palette,           # Use my colour scheme
+           cexRow=0.5,cexCol=0.75)     # Amend row and column label fonts
> my_palette <- colorRampPalette(c("darkblue","blue","cyan","cyan","black","black","black","cyan","cyan","blue","darkblue"))(n = 3)
> heatmap.2(dat.tn,                     # Tidy, normalised data
+           Colv=as.dendrogram(c1),     # Experiments clusters in cols
+           Rowv=as.dendrogram(c2),     # Protein clusters in rows
+           density.info="histogram",   # Plot histogram of data and colour key
+           trace="none",               # Turn of trace lines from heat map
+           col = my_palette,           # Use my colour scheme
+           cexRow=0.5,cexCol=0.75)     # Amend row and column label fonts
> my_palette <- colorRampPalette(c("darkblue","blue","cyan","cyan","black","black","black","cyan","cyan","blue","darkblue"))(n = 5)
> heatmap.2(dat.tn,                     # Tidy, normalised data
+           Colv=as.dendrogram(c1),     # Experiments clusters in cols
+           Rowv=as.dendrogram(c2),     # Protein clusters in rows
+           density.info="histogram",   # Plot histogram of data and colour key
+           trace="none",               # Turn of trace lines from heat map
+           col = my_palette,           # Use my colour scheme
+           cexRow=0.5,cexCol=0.75)     # Amend row and column label fonts
> my_palette <- colorRampPalette(c("darkblue","blue","cyan","cyan","black","black","black","cyan","cyan","blue","darkblue"))(n = 4)
> heatmap.2(dat.tn,                     # Tidy, normalised data
+           Colv=as.dendrogram(c1),     # Experiments clusters in cols
+           Rowv=as.dendrogram(c2),     # Protein clusters in rows
+           density.info="histogram",   # Plot histogram of data and colour key
+           trace="none",               # Turn of trace lines from heat map
+           col = my_palette,           # Use my colour scheme
+           cexRow=0.5,cexCol=0.75)     # Amend row and column label fonts
> my_palette <- colorRampPalette(c("darkblue","blue","cyan","cyan","black","black","black","cyan","cyan","blue","darkblue"))(n = 5)
> heatmap.2(dat.tn,                     # Tidy, normalised data
+           Colv=as.dendrogram(c1),     # Experiments clusters in cols
+           Rowv=as.dendrogram(c2),     # Protein clusters in rows
+           density.info="histogram",   # Plot histogram of data and colour key
+           trace="none",               # Turn of trace lines from heat map
+           col = my_palette,           # Use my colour scheme
+           cexRow=0.5,cexCol=0.75)     # Amend row and column label fonts
> d3heatmap(dat.tn,Rowv=as.dendrogram(c2),Colv=as.dendrogram(c1),col=my_palette)
Error in d3heatmap(dat.tn, Rowv = as.dendrogram(c2), Colv = as.dendrogram(c1),  : 
  could not find function "d3heatmap"
> library(d3heatmap)
Warning message:
package ‘d3heatmap’ was built under R version 3.4.3 
> d3heatmap(dat.tn,Rowv=as.dendrogram(c2),Colv=as.dendrogram(c1),col=my_palette)
> TESTING <- read.delim("C:/Users/deebratforlife/Desktop/TESTING.txt", header=FALSE, na.strings="")
>   View(TESTING)
> dat.tdy <- TESTING
> dat.n <- scale(t(dat.tdy))
Error in colMeans(x, na.rm = TRUE) : 'x' must be numeric
> TESTING <- read.delim("C:/Users/deebratforlife/Desktop/TESTING.txt", row.names=1, na.strings="")
>   View(TESTING)
> dat.tdy <- TESTING
> dat.n <- scale(t(dat.tdy))
> dat.tn <- t(dat.n)
> d1 <- dist(dat.n,method = "euclidean", diag = FALSE, upper = FALSE)
> d2 <- dist(dat.tn,method = "euclidean", diag = FALSE, upper = TRUE)
> c1 <- hclust(d1, method = "average", members = NULL)
> c2 <- hclust(d2, method = "complete", members = NULL)
> my_palette <- colorRampPalette(c("darkblue","blue","cyan","cyan","black","black","black","cyan","cyan","blue","darkblue"))(n = 5)
> heatmap.2(dat.tn,                     # Tidy, normalised data
+           Colv=as.dendrogram(c1),     # Experiments clusters in cols
+           Rowv=as.dendrogram(c2),     # Protein clusters in rows
+           density.info="histogram",   # Plot histogram of data and colour key
+           trace="none",               # Turn of trace lines from heat map
+           col = my_palette,           # Use my colour scheme
+           cexRow=0.5,cexCol=0.75)     # Amend row and column label fonts
> d3heatmap(dat.tn,Rowv=as.dendrogram(c2),Colv=as.dendrogram(c1),col=my_palette)
> d3heatmap(dat.tn,Rowv=as.dendrogram(c2),Colv=as.dendrogram(c1),col=my_palette, value=FALSE)
> d3heatmap(dat.tn,Rowv=as.dendrogram(c2),Colv=as.dendrogram(c1),col=my_palette, value=FALSE,show_grid=FALSE)
> d3heatmap(dat.tn,Rowv=as.dendrogram(c2),Colv=as.dendrogram(c1),col=my_palette, value=FALSE,show_grid=FALSE,cexROW=10)
> d3heatmap(dat.tn,Rowv=as.dendrogram(c2),Colv=as.dendrogram(c1),col=my_palette, value=FALSE,show_grid=FALSE,cexROW=10,cexCOL=8)
> d3heatmap(dat.tn,Rowv=as.dendrogram(c2),Colv=as.dendrogram(c1),col=my_palette, value=FALSE,show_grid=FALSE,cexROW=10,cexCOL=4)
> d3heatmap(dat.tn,Rowv=as.dendrogram(c2),Colv=as.dendrogram(c1),col=my_palette, value=FALSE,show_grid=FALSE,cexROW=10,cexCOL=4,yaxis_font_size=8)
> d3heatmap(dat.tn,Rowv=as.dendrogram(c2),Colv=as.dendrogram(c1),col=my_palette, value=FALSE,show_grid=FALSE,cexROW=10,cexCOL=4,yaxis_font_size=6)
> d3heatmap(dat.tn,Rowv=as.dendrogram(c2),Colv=as.dendrogram(c1),col=my_palette, value=FALSE,show_grid=FALSE,cexROW=10,cexCOL=4,yaxis_font_size=5)
> d3heatmap(dat.tn,Rowv=as.dendrogram(c2),Colv=as.dendrogram(c1),col=my_palette, value=FALSE,show_grid=FALSE,cexROW=10,cexCOL=4,yaxis_font_size=4)
> d3heatmap(dat.tn,Rowv=as.dendrogram(c2),Colv=as.dendrogram(c1),col=my_palette, value=FALSE,show_grid=FALSE,cexROW=10,cexCOL=4,yaxis_font_size=4.5)
> dat.tdy <- TESTING
> dat.n <- data.matrix(data.tdy)
Error in is.data.frame(frame) : object 'data.tdy' not found
> dat.n <- data.matrix(dat.tdy)
> d1 <- dist(dat.n,method = "euclidean", diag = FALSE, upper = FALSE)
> d2 <- dist(dat.tn,method = "euclidean", diag = FALSE, upper = TRUE)
> c1 <- hclust(d1, method = "average", members = NULL)
> c2 <- hclust(d2, method = "complete", members = NULL)
> d3heatmap(dat.tn,Rowv=as.dendrogram(c2),Colv=as.dendrogram(c1),col=my_palette, value=FALSE,show_grid=FALSE,cexROW=10,cexCOL=4,yaxis_font_size=4.5)
Error in d3heatmap(dat.tn, Rowv = as.dendrogram(c2), Colv = as.dendrogram(c1),  : 
  Col dendrogram is the wrong size
> my_palette <- colorRampPalette(c("darkblue","blue","cyan","cyan","black","black","black","cyan","cyan","blue","darkblue"))(n = 5)
> heatmap.2(dat.tn,                     # Tidy, normalised data
+           Colv=as.dendrogram(c1),     # Experiments clusters in cols
+           Rowv=as.dendrogram(c2),     # Protein clusters in rows
+           density.info="histogram",   # Plot histogram of data and colour key
+           trace="none",               # Turn of trace lines from heat map
+           col = my_palette,           # Use my colour scheme
+           cexRow=0.5,cexCol=0.75)     # Amend row and column label fonts
Error in heatmap.2(dat.tn, Colv = as.dendrogram(c1), Rowv = as.dendrogram(c2),  : 
  Colv dendrogram doesn't match size of x
> dat.tdy <- TESTING
> dat.n <- scale(t(dat.tdy))
> dat.tn <- t(dat.n)
> d1 <- dist(dat.n,method = "euclidean", diag = FALSE, upper = FALSE)
> d2 <- dist(dat.tn,method = "euclidean", diag = FALSE, upper = TRUE)
> c1 <- hclust(d1, method = "average", members = NULL)
> c2 <- hclust(d2, method = "complete", members = NULL)
> d3heatmap(dat.tn,Rowv=as.dendrogram(c2),Colv=as.dendrogram(c1),col=my_palette, value=FALSE,show_grid=FALSE,cexROW=10,cexCOL=4,yaxis_font_size=4.5)
> d3heatmap(dat.tn,Rowv=as.dendrogram(c2),Colv=as.dendrogram(c1),col=my_palette, value=FALSE,show_grid=FALSE,cexROW=10,cexCOL=4,yaxis_font_size=4.5,digits=none)
Error in d3heatmap(dat.tn, Rowv = as.dendrogram(c2), Colv = as.dendrogram(c1),  : 
  object 'none' not found
> d3heatmap(dat.tn,Rowv=as.dendrogram(c2),Colv=as.dendrogram(c1),col=my_palette, value=FALSE,show_grid=FALSE,cexROW=10,cexCOL=4,yaxis_font_size=4.5,round=none)
> TESTING <- read.delim("C:/Users/deebratforlife/Desktop/TESTING.txt", row.names=1, na.strings="")
>   View(TESTING)
> dat.tdy <- TESTING
> dat.n <- scale(t(dat.tdy))
> dat.tn <- t(dat.n)
> d1 <- dist(dat.n,method = "euclidean", diag = FALSE, upper = FALSE)
> d2 <- dist(dat.tn,method = "euclidean", diag = FALSE, upper = TRUE)
> c1 <- hclust(d1, method = "average", members = NULL)
> c2 <- hclust(d2, method = "complete", members = NULL)
> my_palette <- colorRampPalette(c("darkred","red","darkorange","darkorange","black","darkorange","darkorange","red","darkred"))(n = 9)
> d3heatmap(dat.tn,Rowv=as.dendrogram(c2),Colv=as.dendrogram(c1),col=my_palette, value=FALSE,show_grid=FALSE,cexROW=10,cexCOL=4,yaxis_font_size=4.5,round=none)
> my_palette <- colorRampPalette(c("darkred","red","darkorange","darkorange","black","darkorange","darkorange","red","darkred"))(n =)
Error in .approxfun(x, y, v, method, yleft, yright, f) : 
  argument "n" is missing, with no default
> my_palette <- colorRampPalette(c("darkblue","blue","cyan","cyan","black","black","black","cyan","cyan","blue","darkblue"))(n = 5)
> d3heatmap(dat.tn,Rowv=as.dendrogram(c2),Colv=as.dendrogram(c1),col=my_palette, value=FALSE,show_grid=FALSE,cexROW=10,cexCOL=4,yaxis_font_size=4.5,round=none)
> my_palette <- colorRampPalette(c(black","cyan","cyan","blue","darkblue"))(n = 5)
Error: unexpected string constant in "my_palette <- colorRampPalette(c(black",""
> my_palette <- colorRampPalette(c("black","cyan","cyan","blue","darkblue"))(n = 5)
> d3heatmap(dat.tn,Rowv=as.dendrogram(c2),Colv=as.dendrogram(c1),col=my_palette, value=FALSE,show_grid=FALSE,cexROW=10,cexCOL=4,yaxis_font_size=4.5,round=none)
> my_palette <- colorRampPalette(c("black","black","cyan","cyan","blue","darkblue"))(n = 5)
> d3heatmap(dat.tn,Rowv=as.dendrogram(c2),Colv=as.dendrogram(c1),col=my_palette, value=FALSE,show_grid=FALSE,cexROW=10,cexCOL=4,yaxis_font_size=4.5,round=none)
> my_palette <- colorRampPalette(c("black","black","balck","darkorange","red","darkred"))(n = 5)
Error in col2rgb(colors, alpha = alpha) : invalid color name 'balck'
> my_palette <- colorRampPalette(c("black","black","black","darkorange","red","darkred"))(n = 5)
> d3heatmap(dat.tn,Rowv=as.dendrogram(c2),Colv=as.dendrogram(c1),col=my_palette, value=FALSE,show_grid=FALSE,cexROW=10,cexCOL=4,yaxis_font_size=4.5,round=none)
> TESTING <- read.delim("C:/Users/deebratforlife/Desktop/TESTING.txt", row.names=1, na.strings="")
>   View(TESTING)
> dat.tdy <- TESTING
> dat.n <- scale(t(dat.tdy))
> dat.tn <- t(dat.n)
> d1 <- dist(dat.n,method = "euclidean", diag = FALSE, upper = FALSE)
> d2 <- dist(dat.tn,method = "euclidean", diag = FALSE, upper = TRUE)
> c1 <- hclust(d1, method = "average", members = NULL)
> c2 <- hclust(d2, method = "complete", members = NULL)
> d3heatmap(dat.tn,Rowv=as.dendrogram(c2),Colv=as.dendrogram(c1),col=my_palette, value=FALSE,show_grid=FALSE,cexROW=10,cexCOL=4,yaxis_font_size=4.5,round=none)
> d3heatmap(dat.tn,Rowv=as.dendrogram(c2),Colv=as.dendrogram(c1),col=my_palette, value=FALSE,show_grid=FALSE,cexROW=10,cexCOL=4,yaxis_font_size=4.5,round=none,labCol=FALSE)
Error in dimnames(x) <- dn : 
  length of 'dimnames' [2] not equal to array extent
> d3heatmap(dat.tn,Rowv=as.dendrogram(c2),Colv=as.dendrogram(c1),col=my_palette, value=FALSE,show_grid=FALSE,cexROW=10,cexCOL=4,yaxis_font_size=4.5,round=none,labCol="none")
Error in dimnames(x) <- dn : 
  length of 'dimnames' [2] not equal to array extent
> d3heatmap(dat.tn,Rowv=as.dendrogram(c2),Colv=as.dendrogram(c1),col=my_palette, value=FALSE,show_grid=FALSE,cexROW=10,cexCOL=4,yaxis_font_size=4.5,round=none,labels=FALSE)
> d3heatmap(dat.tn,Rowv=as.dendrogram(c2),Colv=as.dendrogram(c1),col=my_palette, value=FALSE,show_grid=FALSE,cexROW=10,cexCOL=4,yaxis_font_size=0,round=none,labels=FALSE,)
> d3heatmap(dat.tn,Rowv=as.dendrogram(c2),Colv=as.dendrogram(c1),col=my_palette, value=FALSE,show_grid=FALSE,cexROW=10,cexCOL=4,yaxis_font_size=0px,round=none,labels=FALSE,)
Error: unexpected symbol in "d3heatmap(dat.tn,Rowv=as.dendrogram(c2),Colv=as.dendrogram(c1),col=my_palette, value=FALSE,show_grid=FALSE,cexROW=10,cexCOL=4,yaxis_font_size=0px"
> d3heatmap(dat.tn,Rowv=as.dendrogram(c2),Colv=as.dendrogram(c1),col=my_palette, value=FALSE,show_grid=FALSE,cexROW=10,cexCOL=4,yaxis_font_size="0px",round=none,labels=FALSE,)
> d3heatmap(dat.tn,Rowv=as.dendrogram(c2),Colv=as.dendrogram(c1),col=my_palette, value=FALSE,show_grid=FALSE,cexROW=10,cexCOL=4,yaxis_font_size="0px",round=none,labels=FALSE,xaxis_font_size="0px")